Input   : /tmp/localrun/inc
Output  : /tmp/localrun/outc
Reducers: 1
2026-08-25 09:45:34,472 INFO input.FileInputFormat: Total input files to process : 1
2026-08-25 09:45:34,505 INFO mapreduce.JobSubmitter: number of splits:1
2026-08-25 09:45:34,759 INFO mapreduce.JobSubmitter: Submitting tokens for job: job_local653280243_0001
2026-08-25 09:45:34,761 INFO mapreduce.JobSubmitter: Executing with tokens: []
2026-08-25 09:45:34,960 INFO mapreduce.Job: The url to track the job: http://localhost:8080/
2026-08-25 09:45:34,961 INFO mapreduce.Job: Running job: job_local653280243_0001
2026-08-25 09:45:34,961 INFO mapred.LocalJobRunner: OutputCommitter set in config null
2026-08-25 09:45:34,972 INFO output.PathOutputCommitterFactory: No output committer factory defined, defaulting to FileOutputCommitterFactory
2026-08-25 09:45:34,973 INFO output.FileOutputCommitter: File Output Committer Algorithm version is 2
2026-08-25 09:45:34,973 INFO output.FileOutputCommitter: FileOutputCommitter skip cleanup _temporary folders under output directory:false, ignore cleanup failures: false
2026-08-25 09:45:34,974 INFO mapred.LocalJobRunner: OutputCommitter is org.apache.hadoop.mapreduce.lib.output.FileOutputCommitter
2026-08-25 09:45:35,068 INFO mapred.LocalJobRunner: Waiting for map tasks
2026-08-25 09:45:35,069 INFO mapred.LocalJobRunner: Starting task: attempt_local653280243_0001_m_000000_0
2026-08-25 09:45:35,111 INFO output.PathOutputCommitterFactory: No output committer factory defined, defaulting to FileOutputCommitterFactory
2026-08-25 09:45:35,111 INFO output.FileOutputCommitter: File Output Committer Algorithm version is 2
2026-08-25 09:45:35,111 INFO output.FileOutputCommitter: FileOutputCommitter skip cleanup _temporary folders under output directory:false, ignore cleanup failures: false
2026-08-25 09:45:35,136 INFO mapred.Task:  Using ResourceCalculatorProcessTree : [ ]
2026-08-25 09:45:35,141 INFO mapred.MapTask: Processing split: file:/tmp/localrun/inc/hr_corrupt_test.csv:0+4372
2026-08-25 09:45:35,286 INFO mapred.MapTask: (EQUATOR) 0 kvi 26214396(104857584)
2026-08-25 09:45:35,286 INFO mapred.MapTask: mapreduce.task.io.sort.mb: 100
2026-08-25 09:45:35,286 INFO mapred.MapTask: soft limit at 83886080
2026-08-25 09:45:35,286 INFO mapred.MapTask: bufstart = 0; bufvoid = 104857600
2026-08-25 09:45:35,286 INFO mapred.MapTask: kvstart = 26214396; length = 6553600
2026-08-25 09:45:35,289 INFO mapred.MapTask: Map output collector class = org.apache.hadoop.mapred.MapTask$MapOutputBuffer
2026-08-25 09:45:35,323 INFO mapred.LocalJobRunner: 
2026-08-25 09:45:35,325 INFO mapred.MapTask: Starting flush of map output
2026-08-25 09:45:35,325 INFO mapred.MapTask: Spilling map output
2026-08-25 09:45:35,325 INFO mapred.MapTask: bufstart = 0; bufend = 1218; bufvoid = 104857600
2026-08-25 09:45:35,325 INFO mapred.MapTask: kvstart = 26214396(104857584); kvend = 26214364(104857456); length = 33/6553600
2026-08-25 09:45:35,341 INFO mapred.MapTask: Finished spill 0
2026-08-25 09:45:35,358 INFO mapred.Task: Task:attempt_local653280243_0001_m_000000_0 is done. And is in the process of committing
2026-08-25 09:45:35,361 INFO mapred.LocalJobRunner: map
2026-08-25 09:45:35,361 INFO mapred.Task: Task 'attempt_local653280243_0001_m_000000_0' done.
2026-08-25 09:45:35,372 INFO mapred.Task: Final Counters for attempt_local653280243_0001_m_000000_0: Counters: 29
	File System Counters
		FILE: Number of bytes read=20163
		FILE: Number of bytes written=749632
		FILE: Number of read operations=0
		FILE: Number of large read operations=0
		FILE: Number of write operations=0
	Map-Reduce Framework
		Map input records=40
		Map output records=9
		Map output bytes=1218
		Map output materialized bytes=1245
		Input split bytes=107
		Combine input records=0
		Spilled Records=9
		Failed Shuffles=0
		Merged Map outputs=0
		GC time elapsed (ms)=11
		Total committed heap usage (bytes)=178257920
	DATA_SANITIZATION
		BLANK_FIELD_RECORDS=5
		HEADER_ROWS_SKIPPED=1
		INVALID_CATEGORY_RECORDS=5
		INVALID_DATE_RECORDS=5
		INVALID_ID_FORMAT_RECORDS=3
		INVALID_NUMERIC_RECORDS=6
		INVALID_RECORDS=30
		LOGICAL_INCONSISTENCY_RECORDS=2
		MALFORMED_RECORDS=4
		QUOTED_FIELD_RECORDS=1
		TOTAL_RECORDS=39
		VALID_RECORDS=9
	File Input Format Counters 
		Bytes Read=4372
2026-08-25 09:45:35,373 INFO mapred.LocalJobRunner: Finishing task: attempt_local653280243_0001_m_000000_0
2026-08-25 09:45:35,373 INFO mapred.LocalJobRunner: map task executor complete.
2026-08-25 09:45:35,376 INFO mapred.LocalJobRunner: Waiting for reduce tasks
2026-08-25 09:45:35,377 INFO mapred.LocalJobRunner: Starting task: attempt_local653280243_0001_r_000000_0
2026-08-25 09:45:35,387 INFO output.PathOutputCommitterFactory: No output committer factory defined, defaulting to FileOutputCommitterFactory
2026-08-25 09:45:35,387 INFO output.FileOutputCommitter: File Output Committer Algorithm version is 2
2026-08-25 09:45:35,387 INFO output.FileOutputCommitter: FileOutputCommitter skip cleanup _temporary folders under output directory:false, ignore cleanup failures: false
2026-08-25 09:45:35,388 INFO mapred.Task:  Using ResourceCalculatorProcessTree : [ ]
2026-08-25 09:45:35,390 INFO mapred.ReduceTask: Using ShuffleConsumerPlugin: org.apache.hadoop.mapreduce.task.reduce.Shuffle@708c3431
2026-08-25 09:45:35,391 WARN impl.MetricsSystemImpl: JobTracker metrics system already initialized!
2026-08-25 09:45:35,409 INFO reduce.MergeManagerImpl: MergerManager: memoryLimit=678218944, maxSingleShuffleLimit=169554736, mergeThreshold=447624512, ioSortFactor=10, memToMemMergeOutputsThreshold=10
2026-08-25 09:45:35,411 INFO reduce.EventFetcher: attempt_local653280243_0001_r_000000_0 Thread started: EventFetcher for fetching Map Completion Events
2026-08-25 09:45:35,446 INFO reduce.LocalFetcher: localfetcher#1 about to shuffle output of map attempt_local653280243_0001_m_000000_0 decomp: 1241 len: 1245 to MEMORY
2026-08-25 09:45:35,455 INFO reduce.InMemoryMapOutput: Read 1241 bytes from map-output for attempt_local653280243_0001_m_000000_0
2026-08-25 09:45:35,458 INFO reduce.MergeManagerImpl: closeInMemoryFile -> map-output of size: 1241, inMemoryMapOutputs.size() -> 1, commitMemory -> 0, usedMemory ->1241
2026-08-25 09:45:35,459 INFO reduce.EventFetcher: EventFetcher is interrupted.. Returning
2026-08-25 09:45:35,460 INFO mapred.LocalJobRunner: 1 / 1 copied.
2026-08-25 09:45:35,460 INFO reduce.MergeManagerImpl: finalMerge called with 1 in-memory map-outputs and 0 on-disk map-outputs
2026-08-25 09:45:35,509 INFO mapred.Merger: Merging 1 sorted segments
2026-08-25 09:45:35,509 INFO mapred.Merger: Down to the last merge-pass, with 1 segments left of total size: 1227 bytes
2026-08-25 09:45:35,513 INFO reduce.MergeManagerImpl: Merged 1 segments, 1241 bytes to disk to satisfy reduce memory limit
2026-08-25 09:45:35,514 INFO reduce.MergeManagerImpl: Merging 1 files, 1245 bytes from disk
2026-08-25 09:45:35,515 INFO reduce.MergeManagerImpl: Merging 0 segments, 0 bytes from memory into reduce
2026-08-25 09:45:35,515 INFO mapred.Merger: Merging 1 sorted segments
2026-08-25 09:45:35,519 INFO mapred.Merger: Down to the last merge-pass, with 1 segments left of total size: 1227 bytes
2026-08-25 09:45:35,522 INFO mapred.LocalJobRunner: 1 / 1 copied.
2026-08-25 09:45:35,531 INFO Configuration.deprecation: mapred.skip.on is deprecated. Instead, use mapreduce.job.skiprecords
2026-08-25 09:45:35,555 INFO mapred.Task: Task:attempt_local653280243_0001_r_000000_0 is done. And is in the process of committing
2026-08-25 09:45:35,557 INFO mapred.LocalJobRunner: 1 / 1 copied.
2026-08-25 09:45:35,557 INFO mapred.Task: Task attempt_local653280243_0001_r_000000_0 is allowed to commit now
2026-08-25 09:45:35,559 INFO output.FileOutputCommitter: Saved output of task 'attempt_local653280243_0001_r_000000_0' to file:/tmp/localrun/outc
2026-08-25 09:45:35,560 INFO mapred.LocalJobRunner: reduce > reduce
2026-08-25 09:45:35,560 INFO mapred.Task: Task 'attempt_local653280243_0001_r_000000_0' done.
2026-08-25 09:45:35,561 INFO mapred.Task: Final Counters for attempt_local653280243_0001_r_000000_0: Counters: 26
	File System Counters
		FILE: Number of bytes read=22685
		FILE: Number of bytes written=751649
		FILE: Number of read operations=0
		FILE: Number of large read operations=0
		FILE: Number of write operations=0
	Map-Reduce Framework
		Combine input records=0
		Combine output records=0
		Reduce input groups=6
		Reduce shuffle bytes=1245
		Reduce input records=9
		Reduce output records=6
		Spilled Records=9
		Shuffled Maps =1
		Failed Shuffles=0
		Merged Map outputs=1
		GC time elapsed (ms)=0
		Total committed heap usage (bytes)=178257920
	DATA_SANITIZATION
		DUPLICATE_RECORDS_DROPPED=3
		UNIQUE_CLEAN_RECORDS=6
	Shuffle Errors
		BAD_ID=0
		CONNECTION=0
		IO_ERROR=0
		WRONG_LENGTH=0
		WRONG_MAP=0
		WRONG_REDUCE=0
	File Output Format Counters 
		Bytes Written=772
2026-08-25 09:45:35,561 INFO mapred.LocalJobRunner: Finishing task: attempt_local653280243_0001_r_000000_0
2026-08-25 09:45:35,562 INFO mapred.LocalJobRunner: reduce task executor complete.
2026-08-25 09:45:35,970 INFO mapreduce.Job: Job job_local653280243_0001 running in uber mode : false
2026-08-25 09:45:35,972 INFO mapreduce.Job:  map 100% reduce 100%
2026-08-25 09:45:35,975 INFO mapreduce.Job: Job job_local653280243_0001 completed successfully
2026-08-25 09:45:35,996 INFO mapreduce.Job: Counters: 44
	File System Counters
		FILE: Number of bytes read=42848
		FILE: Number of bytes written=1501281
		FILE: Number of read operations=0
		FILE: Number of large read operations=0
		FILE: Number of write operations=0
	Map-Reduce Framework
		Map input records=40
		Map output records=9
		Map output bytes=1218
		Map output materialized bytes=1245
		Input split bytes=107
		Combine input records=0
		Combine output records=0
		Reduce input groups=6
		Reduce shuffle bytes=1245
		Reduce input records=9
		Reduce output records=6
		Spilled Records=18
		Shuffled Maps =1
		Failed Shuffles=0
		Merged Map outputs=1
		GC time elapsed (ms)=11
		Total committed heap usage (bytes)=356515840
	DATA_SANITIZATION
		BLANK_FIELD_RECORDS=5
		DUPLICATE_RECORDS_DROPPED=3
		HEADER_ROWS_SKIPPED=1
		INVALID_CATEGORY_RECORDS=5
		INVALID_DATE_RECORDS=5
		INVALID_ID_FORMAT_RECORDS=3
		INVALID_NUMERIC_RECORDS=6
		INVALID_RECORDS=30
		LOGICAL_INCONSISTENCY_RECORDS=2
		MALFORMED_RECORDS=4
		QUOTED_FIELD_RECORDS=1
		TOTAL_RECORDS=39
		UNIQUE_CLEAN_RECORDS=6
		VALID_RECORDS=9
	Shuffle Errors
		BAD_ID=0
		CONNECTION=0
		IO_ERROR=0
		WRONG_LENGTH=0
		WRONG_MAP=0
		WRONG_REDUCE=0
	File Input Format Counters 
		Bytes Read=4372
	File Output Format Counters 
		Bytes Written=772

============================================================
               DATA SANITIZATION REPORT
============================================================
  Records read (excl. header)  : 39
  VALID (passed all 7 rules)   : 9  (23.08%)
  INVALID (discarded)          : 30  (76.92%)
------------------------------------------------------------
  Rejection reasons (first failing rule wins):
    1 malformed / wrong columns  :         4  (10.26%)
    2 blank required field       :         5  (12.82%)
    3 bad Employee_ID format     :         3  (7.69%)
    4 invalid / inconsistent date :         5  (12.82%)
    5 value outside category set :         5  (12.82%)
    6 numeric out of range       :         6  (15.38%)
    7 logical inconsistency      :         2  (5.13%)
------------------------------------------------------------
  Quote-aware parses (rescued) : 1
  Duplicate Employee_ID dropped: 3
  FINAL unique clean records   : 6
  Wall-clock (driver-measured) : 2.0 s
------------------------------------------------------------
  CHECK valid + invalid == read : PASS (9 + 30 = 39)
  CHECK reasons == invalid      : PASS (30 vs 30)
  CHECK unique + dupes == valid : PASS (6 + 3 = 9)
============================================================
